[web.telegram.org/index.html]
[backblue.gif]
[fade.gif]
[index.html]
[web.telegram.org/css/app.css]
[web.telegram.org/manifest.webapp.json]
[web.telegram.org/favicon.ico]
[web.telegram.org/img/iphone_home120.png]
[web.telegram.org/img/iphone_startup.png]
[web.telegram.org/index.html]
[web.telegram.org/img/icons/IconsetW.png]
[web.telegram.org/js/app.js]
[web.telegram.org/img/icons/IconsetW_2x.png]
[web.telegram.org/img/icons/General.png]
[web.telegram.org/img/icons/General_2x.png]
[web.telegram.org/img/Telegram.svg]
[web.telegram.org/img/icons/ProfileIcons.png]
[web.telegram.org/img/icons/ProfileIcons_2x.png]
[web.telegram.org/img/icons/IconsetSmiles.png]
[web.telegram.org/img/icons/IconsetSmiles_2x.png]
[web.telegram.org/img/emojisprite_0.png]
[web.telegram.org/img/emojisprite_1.png]
[web.telegram.org/img/icons/AboutLogos_2x.png]
[web.telegram.org/img/Telegram72.png]
[web.telegram.org/img/Telegram72_2x.png]
[web.telegram.org/img/changelog/card_wecandoit.png]
[web.telegram.org/img/Manytabs.png]
[web.telegram.org/img/Manytabs_2x.png]
[web.telegram.org/css/app.css]
[web.telegram.org/img/Telegram.svg]
[web.telegram.org/img/emojisprite_2.png]
[web.telegram.org/img/emojisprite_3.png]
[web.telegram.org/img/emojisprite_4.png]
[web.telegram.org/img/changelog/search.html]
[web.telegram.org/img/icons/AboutLogos.png]
